
============================================================
ðŸ”§ Running in simulated mode (no API keys detected)
============================================================

To run this example with real API calls, set one of:
  export OPENAI_API_KEY='your-key-here'
  export ANTHROPIC_API_KEY='your-key-here'
  export GOOGLE_API_KEY='your-key-here'

Simulated output will demonstrate the expected behavior.
============================================================


==================================================
  Judge Synthesis Patterns
==================================================

ðŸŽ¯ Judge & Synthesis in Compound AI:

â€¢ Judges evaluate and select best outputs
â€¢ Synthesis combines multiple perspectives
â€¢ Iterative refinement improves quality
â€¢ Consensus building increases reliability

=== Basic Judge Pattern ===

Judge pattern components:
  1. Multiple candidate responses
  2. Judge criteria/rubric
  3. Evaluation and selection
  4. Final decision

Generating candidates for: 'Explain what Python is in one sentence.'
Candidate responses:
  1. Python is a high-level programming language.
  2. Python is a versatile, interpreted language known for simplicity.
  3. Python: Easy syntax, vast libraries, great for beginners!

Judge evaluation:
  Selected: 2
  Reason: Most comprehensive and balanced explanation


=== Synthesis Pattern ===

Synthesis combines multiple perspectives:

Generating perspectives on: 'Python programming language'

Individual perspectives:
  Technical: Python uses dynamic typing and automatic memory management.
  Practical: Python excels at web development, data science, and automation.
  Historical: Python was created by Guido van Rossum in 1991.

Synthesized response:
  Python, created in 1991, is a dynamically-typed language
  that excels at web development, data science, and automation
  through its automatic memory management and vast ecosystem.


=== Multi-Judge Consensus ===

Using multiple judges for robust evaluation:

Judge evaluations:
  Accuracy Judge:
    Option A: 0.8
    Option B: 0.9
    Option C: 0.7
  Clarity Judge:
    Option A: 0.9
    Option B: 0.7
    Option C: 0.8
  Relevance Judge:
    Option A: 0.7
    Option B: 0.8
    Option C: 0.9

Consensus calculation:
  Option A: Avg = 0.80
  Option B: Avg = 0.80
  Option C: Avg = 0.80
  â†’ Tie! Use weighted scoring or additional criteria


=== Iterative Refinement ===

Improving responses through iteration:

Initial:
  Python is good for programming.

After Judge 1:
  Python is excellent for rapid development and prototyping.

After Judge 2:
  Python excels at rapid development with its clean syntax, extensive libraries, and strong community support.

Final:
  Python is ideal for rapid development due to its readable syntax, comprehensive standard library, vast third-party packages, and supportive community, making it perfect for beginners and experts alike.

Each iteration incorporates judge feedback to improve quality.


=== Judge-Guided Generation ===

Using judges to guide generation:

1. Generate with constraints:
   Prompt: 'Explain recursion to a beginner'
   Constraint: Must use an analogy

2. Judge checks constraint:
   âœ— Response 1: 'Recursion is when a function calls itself.'
   âœ“ Response 2: 'Recursion is like Russian dolls - each contains a smaller version.'

3. Continue until judge approves or max attempts reached


=== Synthesis Strategies ===

1. Extractive Synthesis:
   Take best parts from each response
   Response A: 'Python is interpreted...'
   Response B: '...with dynamic typing...'
   Synthesis: 'Python is interpreted with dynamic typing'

2. Abstractive Synthesis:
   Generate new text combining ideas
   Responses discuss: speed, ease, libraries
   Synthesis: 'Python balances performance with developer productivity'

3. Hierarchical Synthesis:
   Organize information by importance
   Primary: Core language features
   Secondary: Ecosystem and tools
   Tertiary: Community and resources


=== Practical Judge System ===

Building a code review judge:

Code Review Judge Results:
  Correctness: 0.9 - Logic is sound
  Efficiency: 0.7 - Could optimize loops
  Readability: 0.8 - Good naming, needs comments
  Security: 0.9 - No obvious vulnerabilities

Overall Score: 0.83/1.0
Recommendation: Approved with minor revisions


=== Ensemble Synthesis ===

Combining diverse model outputs:

Individual model outputs:
  Creative Model: Python slithers through your code like a serpent of simplicity
  Technical Model: Python is an interpreted, object-oriented, high-level language
  Practical Model: Python gets things done quickly with minimal boilerplate

Synthesis approaches:
  1. Voting: Select most common themes
  2. Blending: Combine complementary aspects
  3. Ranking: Use best output per criteria
  4. Meta-model: Train synthesizer on outputs

==================================================
âœ… Judge & Synthesis Best Practices
==================================================

1. Define clear judging criteria upfront
2. Use multiple judges for important decisions
3. Balance different synthesis strategies
4. Implement iterative refinement loops
5. Monitor judge agreement/disagreement
6. Cache synthesis results for efficiency
7. Version judge criteria and track changes

ðŸ”§ Implementation Tips:
â€¢ Start simple with binary judges
â€¢ Use rubrics for consistent evaluation
â€¢ Combine statistical and semantic judges
â€¢ Build synthesis pipelines incrementally
â€¢ Test judge calibration regularly

Next: Explore data processing in '../05_data_processing/'
