Student Grade Report
========================================
Name                 Score      Grade
----------------------------------------
Alice                   95          A
Bob                     82          B
Charlie                 78          C
----------------------------------------
Average Score: 85.0
